Financial Eligibility Engine MVP v0.1 — Test Report
Generated: 2026-08-19
Python: Python 3.13.5
Command: PYTHONPATH=src pytest -p no:cacheprovider

..................................                                       [100%]
34 passed in 0.14s
